src/modules/restaurant/controllers/order.controller.ts(16,50): error TS2345: Argument of type '{ items: { menuItemId: string; quantity: number; specialInstructions: string | undefined; }[]; customerId: string | undefined; customerName: string; orderType: any; paymentMethod: any; tableNumber?: string | undefined; customerPhone?: string | ... 1 more ... | undefined; specialInstructions?: string | undefined; cha...' is not assignable to parameter of type '{ customerId?: string | undefined; customerName: string; customerEmail?: string | undefined; customerPhone?: string | undefined; tableId?: string | undefined; orderType: "dine_in" | "takeaway" | "delivery"; items: { ...; }[]; specialInstructions?: string | undefined; paymentMethod?: "cash" | ... 3 more ... | undefin...'.
  Types of property 'customerPhone' are incompatible.
    Type 'string | null | undefined' is not assignable to type 'string | undefined'.
      Type 'null' is not assignable to type 'string | undefined'.
